Microchip MPLAB XC8 Compiler V1.38 ()

Linker command line:

--edf=C:\Program Files (x86)\Microchip\xc8\v1.38\dat\en_msgs.txt -cs \
  -h+dist/PICDEM.net2_ETH97J60/production\tcpServerfunciona.X.production.sym \
  --cmf=dist/PICDEM.net2_ETH97J60/production\tcpServerfunciona.X.production.cmf \
  -z -Q18F97J60 -oC:\Users\RAFAEL~1\AppData\Local\Temp\s5c4.2 \
  -Mdist/PICDEM.net2_ETH97J60/production/tcpServerfunciona.X.production.map \
  -E1 -ver=XC8 -ASTACK=0368h-0e7dh -pstack=STACK -ACODE=00h-01FFF7h \
  -ACONST=00h-01FFF7h -ASMALLCONST=01000h-010FFhx495,01FF00h-01FFF7h \
  -AMEDIUMCONST=01000h-0FFFFh,011000h-01FFF7h -ACOMRAM=01h-05Fh \
  -AABS1=00h-0E7Fh,0F00h-0F5Fh -ABIGRAM=01h-0E7Fh,0F00h-0F5Fh \
  -ARAM=060h-0FFh,0100h-01FFhx13,0E00h-0E7Fh,0F00h-0F5Fh -ABANK0=060h-0FFh \
  -ABANK1=0100h-01FFh -ABANK2=0200h-02FFh -ABANK3=0300h-03FFh \
  -ABANK4=0400h-04FFh -ABANK5=0500h-05FFh -ABANK6=0600h-06FFh \
  -ABANK7=0700h-07FFh -ABANK8=0800h-08FFh -ABANK9=0900h-09FFh \
  -ABANK10=0A00h-0AFFh -ABANK11=0B00h-0BFFh -ABANK12=0C00h-0CFFh \
  -ABANK13=0D00h-0DFFh -ABANK14=0E00h-0E7Fh -ABANK15=0F00h-0F5Fh \
  -ASFR=0E80h-0EFFh,0F60h-0FFFh \
  -preset_vec=00h,intcode=08h,intcodelo=018h,powerup,init,end_init \
  -pramtop=01000h -psmallconst=SMALLCONST -pmediumconst=MEDIUMCONST \
  -pconst=CONST -AFARRAM=00h-00h -ACONFIG=01FFF8h-01FFFDh -pconfig=CONFIG \
  -pjflash_buffer=01F800h \
  -prdata=COMRAM,nvrram=COMRAM,nvbit=COMRAM,rbss=COMRAM,rbit=COMRAM \
  -pfarbss=FARRAM,fardata=FARRAM,nvFARRAM=FARRAM \
  -pintsave_regs=BIGRAM,bigbss=BIGRAM,bigdata=BIGRAM -pbss=RAM \
  -pidata=CODE,irdata=CODE,ibigdata=CODE,ifardata=CODE -prparam=COMRAM \
  C:\Users\RAFAEL~1\AppData\Local\Temp\s5c4.obj \
  dist/PICDEM.net2_ETH97J60/production\tcpServerfunciona.X.production.obj 

Object code version is 3.11

Machine type is 18F97J60

Call graph: (short form)




                Name                               Link     Load   Length Selector   Space Scale
C:\Users\RAFAEL~1\AppData\Local\Temp\s5c4.obj
                end_init                             3A       3A        4        C       0
                reset_vec                             0        0        4        0       0
                config                            1FFF8    1FFF8        6    1FFF8       0
dist/PICDEM.net2_ETH97J60/production\tcpServerfunciona.X.production.obj
                intcodelo                            18       18       22        C       0
                intcode                               8        8        6        4       0
                temp                                 49       49        1        1       1
                smallconst                         1000     1000       C4      800       0
                text109                            620E     620E       28      862       0
                intcode_body                       64BE     64BE        8      862       0
                text106                            50F4     50F4       AA      862       0
                text104                            6054     6054       32      862       0
                text103                            5FB8     5FB8       36      862       0
                text101                            643A     643A       12      862       0
                text100                            63F2     63F2       1A      862       0
                text98                             504A     504A       AA      862       0
                text96                             60E2     60E2       2E      862       0
                text95                             64C6     64C6        4      862       0
                text94                             5B38     5B38       50      862       0
                text93                             49BA     49BA      12C      862       0
                text92                             64B4     64B4        A      862       0
                text91                             63D8     63D8       1A      862       0
                text90                             5AE4     5AE4       54      862       0
                text89                             62CA     62CA       22      862       0
                text88                             61E4     61E4       2A      862       0
                text86                             64AA     64AA        A      862       0
                text85                             640C     640C       18      862       0
                text84                             636A     636A       1E      862       0
                text83                             5F42     5F42       3E      862       0
                text82                             6110     6110       2C      862       0
                text80                             519E     519E       A0      862       0
                text79                             552E     552E       8E      862       0
                text78                             58B2     58B2       72      862       0
                text77                             55BC     55BC       8C      862       0
                text76                             5C24     5C24       4E      862       0
                text75                             5FEE     5FEE       34      862       0
                text74                             5D0A     5D0A       4C      862       0
                text73                             64A0     64A0        A      862       0
                text72                             4AE6     4AE6      12A      862       0
                text71                             4706     4706      164      862       0
                text70                             6468     6468        E      862       0
                text69                             63BE     63BE       1A      862       0
                text68                             441A     441A      182      862       0
                text67                             5BD6     5BD6       4E      862       0
                text66                             4266     4266      1B4      862       0
                text65                             5648     5648       88      862       0
                text64                             5CBE     5CBE       4C      862       0
                text63                             5924     5924       64      862       0
                text62                             3054     3054      342      862       0
                text61                             5A90     5A90       54      862       0
                text60                             5A3A     5A3A       56      862       0
                text59                             5E7A     5E7A       48      862       0
                text58                             5DA0     5DA0       4A      862       0
                text57                             5F04     5F04       3E      862       0
                text56                             63A4     63A4       1A      862       0
                text55                             368E     368E      2EE      862       0
                text54                             62A6     62A6       24      862       0
                text53                             61BA     61BA       2A      862       0
                text52                             625C     625C       26      862       0
                text51                             4EE6     4EE6       B6      862       0
                text50                             6496     6496        A      862       0
                text49                             486A     486A      150      862       0
                text48                             5B88     5B88       4E      862       0
                text47                             5374     5374       98      862       0
                text46                             459C     459C      16A      862       0
                text45                             2558     2558      72A      862       0
                text44                             3E3C     3E3C      216      862       0
                text43                             10C4     10C4     1494      862       0
                text42                             60B4     60B4       2E      862       0
                text41                             5EC2     5EC2       42      862       0
                text40                             6190     6190       2A      862       0
                text39                             4C10     4C10      10E      862       0
                text38                             2C82     2C82      3D2      862       0
                text37                             59E2     59E2       58      862       0
                text36                             5D56     5D56       4A      862       0
                text35                             397C     397C      268      862       0
                text34                             4E08     4E08       DE      862       0
                text33                             3396     3396      2F8      862       0
                text32                             6086     6086       2E      862       0
                text31                             4F9C     4F9C       AE      862       0
                text30                             3BE4     3BE4      258      862       0
                text29                             549E     549E       90      862       0
                text28                             645A     645A        E      862       0
                text27                             6022     6022       32      862       0
                text26                             56D0     56D0       7E      862       0
                text25                             6282     6282       24      862       0
                text24                             583C     583C       76      862       0
                text23                             5988     5988       5A      862       0
                text22                             57C6     57C6       76      862       0
                text21                             574E     574E       78      862       0
                text20                             6236     6236       26      862       0
                text19                             52DC     52DC       98      862       0
                text18                             6166     6166       2A      862       0
                text17                             5E32     5E32       48      862       0
                text16                             540C     540C       92      862       0
                text15                             4052     4052      214      862       0
                text14                             632C     632C       20      862       0
                text13                             648C     648C        A      862       0
                text12                             6482     6482        A      862       0
                text11                             630C     630C       20      862       0
                text10                             523E     523E       9E      862       0
                text9                              5F80     5F80       38      862       0
                text8                              6476     6476        C      862       0
                text7                              6424     6424       16      862       0
                text6                              5DEA     5DEA       48      862       0
                text5                              644C     644C        E      862       0
                text4                              62EC     62EC       20      862       0
                text3                              6388     6388       1C      862       0
                text2                              634C     634C       1E      862       0
                text1                              613C     613C       2A      862       0
                text0                              4D1E     4D1E       EA      862       0
                cstackCOMRAM                          1        1       32        1       1
                cstackBANK0                          60       60       A0       60       1
                cstackBANK1                         100      100       BD      100       1
                cstackBANK2                         2A7      2A7       2D      200       1
                bssBANK3                            300      300       68      300       1
                bssBANK2                            200      200       A7      200       1
                bssBANK1                            1BD      1BD       2D      100       1
                dataCOMRAM                           48       48        1        1       1
                bssCOMRAM                            33       33       15        1       1
                cinit                              5C72     5C72       4C      862       0
                nvBANK2                             2D4      2D4        8      200       1
                idataCOMRAM                        64CA     64CA        1      862       0

TOTAL           Name                               Link     Load   Length     Space
        CLASS   STACK          

        CLASS   CODE           
                end_init                             3A       3A        4         0
                intcodelo                            18       18       22         0
                intcode                               8        8        6         0
                reset_vec                             0        0        4         0
                text109                            620E     620E       28         0
                intcode_body                       64BE     64BE        8         0
                text106                            50F4     50F4       AA         0
                text104                            6054     6054       32         0
                text103                            5FB8     5FB8       36         0
                text101                            643A     643A       12         0
                text100                            63F2     63F2       1A         0
                text98                             504A     504A       AA         0
                text96                             60E2     60E2       2E         0
                text95                             64C6     64C6        4         0
                text94                             5B38     5B38       50         0
                text93                             49BA     49BA      12C         0
                text92                             64B4     64B4        A         0
                text91                             63D8     63D8       1A         0
                text90                             5AE4     5AE4       54         0
                text89                             62CA     62CA       22         0
                text88                             61E4     61E4       2A         0
                text86                             64AA     64AA        A         0
                text85                             640C     640C       18         0
                text84                             636A     636A       1E         0
                text83                             5F42     5F42       3E         0
                text82                             6110     6110       2C         0
                text80                             519E     519E       A0         0
                text79                             552E     552E       8E         0
                text78                             58B2     58B2       72         0
                text77                             55BC     55BC       8C         0
                text76                             5C24     5C24       4E         0
                text75                             5FEE     5FEE       34         0
                text74                             5D0A     5D0A       4C         0
                text73                             64A0     64A0        A         0
                text72                             4AE6     4AE6      12A         0
                text71                             4706     4706      164         0
                text70                             6468     6468        E         0
                text69                             63BE     63BE       1A         0
                text68                             441A     441A      182         0
                text67                             5BD6     5BD6       4E         0
                text66                             4266     4266      1B4         0
                text65                             5648     5648       88         0
                text64                             5CBE     5CBE       4C         0
                text63                             5924     5924       64         0
                text62                             3054     3054      342         0
                text61                             5A90     5A90       54         0
                text60                             5A3A     5A3A       56         0
                text59                             5E7A     5E7A       48         0
                text58                             5DA0     5DA0       4A         0
                text57                             5F04     5F04       3E         0
                text56                             63A4     63A4       1A         0
                text55                             368E     368E      2EE         0
                text54                             62A6     62A6       24         0
                text53                             61BA     61BA       2A         0
                text52                             625C     625C       26         0
                text51                             4EE6     4EE6       B6         0
                text50                             6496     6496        A         0
                text49                             486A     486A      150         0
                text48                             5B88     5B88       4E         0
                text47                             5374     5374       98         0
                text46                             459C     459C      16A         0
                text45                             2558     2558      72A         0
                text44                             3E3C     3E3C      216         0
                text43                             10C4     10C4     1494         0
                text42                             60B4     60B4       2E         0
                text41                             5EC2     5EC2       42         0
                text40                             6190     6190       2A         0
                text39                             4C10     4C10      10E         0
                text38                             2C82     2C82      3D2         0
                text37                             59E2     59E2       58         0
                text36                             5D56     5D56       4A         0
                text35                             397C     397C      268         0
                text34                             4E08     4E08       DE         0
                text33                             3396     3396      2F8         0
                text32                             6086     6086       2E         0
                text31                             4F9C     4F9C       AE         0
                text30                             3BE4     3BE4      258         0
                text29                             549E     549E       90         0
                text28                             645A     645A        E         0
                text27                             6022     6022       32         0
                text26                             56D0     56D0       7E         0
                text25                             6282     6282       24         0
                text24                             583C     583C       76         0
                text23                             5988     5988       5A         0
                text22                             57C6     57C6       76         0
                text21                             574E     574E       78         0
                text20                             6236     6236       26         0
                text19                             52DC     52DC       98         0
                text18                             6166     6166       2A         0
                text17                             5E32     5E32       48         0
                text16                             540C     540C       92         0
                text15                             4052     4052      214         0
                text14                             632C     632C       20         0
                text13                             648C     648C        A         0
                text12                             6482     6482        A         0
                text11                             630C     630C       20         0
                text10                             523E     523E       9E         0
                text9                              5F80     5F80       38         0
                text8                              6476     6476        C         0
                text7                              6424     6424       16         0
                text6                              5DEA     5DEA       48         0
                text5                              644C     644C        E         0
                text4                              62EC     62EC       20         0
                text3                              6388     6388       1C         0
                text2                              634C     634C       1E         0
                text1                              613C     613C       2A         0
                text0                              4D1E     4D1E       EA         0
                cinit                              5C72     5C72       4C         0
                idataCOMRAM                        64CA     64CA        1         0

        CLASS   CONST          

        CLASS   SMALLCONST     
                smallconst                         1000     1000       C4         0

        CLASS   MEDIUMCONST    

        CLASS   COMRAM         
                temp                                 49       49        1         1
                cstackCOMRAM                          1        1       32         1
                dataCOMRAM                           48       48        1         1
                bssCOMRAM                            33       33       15         1

        CLASS   ABS1           
                abs_s1                              E7E      E7E        2         1

        CLASS   BIGRAM         

        CLASS   RAM            

        CLASS   BANK0          
                cstackBANK0                          60       60       A0         1

        CLASS   BANK1          
                cstackBANK1                         100      100       BD         1
                bssBANK1                            1BD      1BD       2D         1

        CLASS   BANK2          
                cstackBANK2                         2A7      2A7       2D         1
                bssBANK2                            200      200       A7         1
                nvBANK2                             2D4      2D4        8         1

        CLASS   BANK3          
                bssBANK3                            300      300       68         1

        CLASS   BANK4          

        CLASS   BANK5          

        CLASS   BANK6          

        CLASS   BANK7          

        CLASS   BANK8          

        CLASS   BANK9          

        CLASS   BANK10         

        CLASS   BANK11         

        CLASS   BANK12         

        CLASS   BANK13         

        CLASS   BANK14         

        CLASS   BANK15         

        CLASS   SFR            

        CLASS   FARRAM         

        CLASS   CONFIG         
                config                            1FFF8    1FFF8        6         0

        CLASS   IDLOC          



SEGMENTS        Name                           Load    Length   Top    Selector   Space  Class

                reset_vec                      000000  000004  000004         0       0  CODE    
                cstackCOMRAM                   000001  000049  00004A         1       1  COMRAM  
                intcode                        000008  000006  00000E         4       0  CODE    
                intcodelo                      000018  000026  00003E         C       0  CODE    
                cstackBANK0                    000060  0000A0  000100        60       1  BANK0   
                cstackBANK1                    000100  0000EA  0001EA       100       1  BANK1   
                bssBANK2                       000200  0000DC  0002DC       200       1  BANK2   
                bssBANK3                       000300  000068  000368       300       1  BANK3   
                smallconst                     001000  0000C4  0010C4       800       0  SMALLCON
                text43                         0010C4  005407  0064CB       862       0  CODE    
                config                         01FFF8  000006  01FFFE     1FFF8       0  CONFIG  


UNUSED ADDRESS RANGES

        Name                Unused          Largest block    Delta
        BANK1            001EA-001FF              16
        BANK10           00A00-00AFF             100
        BANK11           00B00-00BFF             100
        BANK12           00C00-00CFF             100
        BANK13           00D00-00DFF             100
        BANK14           00E00-00E7D              7E
        BANK15           00F00-00F5F              60
        BANK2            002DC-002FF              24
        BANK3            00368-003FF              98
        BANK4            00400-004FF             100
        BANK5            00500-005FF             100
        BANK6            00600-006FF             100
        BANK7            00700-007FF             100
        BANK8            00800-008FF             100
        BANK9            00900-009FF             100
        BIGRAM           0004A-0005F              16
                         001EA-001FF              16
                         002DC-002FF              24
                         00368-00E7D             B16
                         00F00-00F5F              60
        CODE             00004-00007               4
                         0000E-00017               A
                         0003E-00FFF             FC2
                         064CB-1FFF7           19B2D
        COMRAM           0004A-0005F              16
        CONST            00004-00007               4
                         0000E-00017               A
                         0003E-00FFF             FC2
                         064CB-1FFF7           19B2D
        MEDIUMCONST      064CB-0FFFF            9B35
                         11000-1FFF7            EFF8
        RAM              001EA-001FF              16
                         002DC-002FF              24
                         00368-00E7D             100
                         00F00-00F5F              60
        SFR              00E80-00EFF              80
                         00F60-00FFF              A0
        SMALLCONST       064CB-1FFF7             100
        STACK            00368-00E7D             B16

                                  Symbol Table

?_ARPV4_Lookup                       cstackCOMRAM  00017
?_ETH_ComputeChecksum                cstackCOMRAM  00017
?_ETH_GetByteCount                   cstackCOMRAM  00017
?_ETH_Read16                         cstackCOMRAM  00017
?_ETH_Read32                         cstackCOMRAM  00017
?_ETH_ReadBlock                      cstackCOMRAM  00017
?_ETH_RxComputeChecksum              cstackCOMRAM  00025
?_ETH_TxComputeChecksum              cstackCOMRAM  00025
?_ETH_readLinkStatus                 cstackCOMRAM  00022
?_IPV4_GetMyIP                       cstackCOMRAM  00017
?_IPV4_PseudoHeaderChecksum          cstackCOMRAM  00017
?_PHY_Read                           cstackCOMRAM  00019
?_TCP_GetReceivedData                cstackCOMRAM  0001F
?_TCP_GetRxLength                    cstackCOMRAM  0001F
?___lwdiv                            cstackCOMRAM  00017
?___lwmod                            cstackCOMRAM  0001E
?___wmul                             cstackCOMRAM  00017
?__doprnt                            cstackCOMRAM  00023
?_memcmp                             cstackCOMRAM  00017
?_printf                             cstackBANK0   00060
?_sprintf                            cstackBANK0   00060
?_time                               cstackCOMRAM  00017
?i1_ETH_readLinkStatus               cstackCOMRAM  0000C
?i1_PHY_Read                         cstackCOMRAM  00003
ARPV4_Init@x                         cstackCOMRAM  00017
ARPV4_Lookup@entry_pointer           cstackCOMRAM  0001F
ARPV4_Lookup@ip_address              cstackCOMRAM  00017
ARPV4_Lookup@x                       cstackCOMRAM  00021
ARPV4_Packet@arpPtr                  cstackBANK0   00084
ARPV4_Packet@entryPointer            cstackBANK0   00088
ARPV4_Packet@header                  cstackBANK0   0008A
ARPV4_Packet@length                  cstackBANK0   00080
ARPV4_Packet@mergeFlag               cstackBANK0   00082
ARPV4_Packet@ret                     cstackBANK0   00083
ARPV4_Packet@x                       cstackBANK0   00086
ARPV4_Packet@x_1670                  cstackBANK0   00087
ARPV4_Request@destAddress            cstackCOMRAM  0001D
ARPV4_Request@header                 cstackBANK0   0007C
ARPV4_Request@ret                    cstackBANK0   0007B
ARPV4_Update@entryPointer            cstackCOMRAM  00017
ARPV4_Update@x                       cstackCOMRAM  00019
DHCP_Handler@ethMAC                  cstackBANK0   000C8
DHCP_Handler@ethPktMAC               cstackBANK0   000C2
DHCP_Handler@ip                      cstackBANK0   000B3
DHCP_Handler@length                  cstackBANK0   000AF
DHCP_Handler@myip                    cstackBANK0   000CF
DHCP_Handler@option                  cstackBANK0   000C1
DHCP_Handler@optionLength            cstackBANK0   000CE
DHCP_Handler@v                       cstackBANK0   000BB
DHCP_Handler@v16                     cstackBANK0   000BF
DHCP_Request@ethMAC                  cstackBANK0   000A9
DHCP_Request@started                 cstackBANK0   000A7
DHCP_Request@type                    cstackBANK0   000A8
DHCP_WriteZeros@length               cstackCOMRAM  00018
ETH_CheckLinkUp@value                cstackCOMRAM  00026
ETH_ComputeChecksum@cksm             cstackCOMRAM  0001F
ETH_ComputeChecksum@len              cstackCOMRAM  00017
ETH_ComputeChecksum@seed             cstackCOMRAM  00019
ETH_ComputeChecksum@v                cstackCOMRAM  00023
ETH_Copy@len                         cstackBANK0   0006D
ETH_Copy@timer                       cstackBANK0   0006F
ETH_Copy@tmp_len                     cstackBANK0   00071
ETH_Dump@length                      cstackCOMRAM  00017
ETH_GetByteCount@val                 cstackCOMRAM  00019
ETH_GetMAC@mac                       cstackCOMRAM  00017
ETH_Init@mac                         cstackCOMRAM  0002D
ETH_Insert@current_tx_ptr            cstackCOMRAM  0001C
ETH_Insert@data                      cstackCOMRAM  00017
ETH_Insert@len                       cstackCOMRAM  00018
ETH_Insert@offset                    cstackCOMRAM  0001A
ETH_Read16@ret                       cstackCOMRAM  00019
ETH_Read32@ret                       cstackCOMRAM  0001B
ETH_Read8@ret                        cstackCOMRAM  00017
ETH_ReadBlock@buffer                 cstackCOMRAM  00017
ETH_ReadBlock@len                    cstackCOMRAM  0001C
ETH_ReadBlock@length                 cstackCOMRAM  00019
ETH_ReadBlock@p                      cstackCOMRAM  0001E
ETH_RxComputeChecksum@cksm           cstackCOMRAM  0002F
ETH_RxComputeChecksum@len            cstackCOMRAM  00025
ETH_RxComputeChecksum@rxptr          cstackCOMRAM  0002D
ETH_RxComputeChecksum@seed           cstackCOMRAM  00027
ETH_Send@packetEnd                   cstackCOMRAM  00017
ETH_TxComputeChecksum@cksm           cstackCOMRAM  0002D
ETH_TxComputeChecksum@len            cstackCOMRAM  00027
ETH_TxComputeChecksum@position       cstackCOMRAM  00025
ETH_TxComputeChecksum@rxptr          cstackCOMRAM  0002B
ETH_TxComputeChecksum@seed           cstackCOMRAM  00029
ETH_Write16@data                     cstackCOMRAM  00017
ETH_Write32@data                     cstackCOMRAM  00017
ETH_Write8@data                      cstackCOMRAM  00017
ETH_WriteBlock@buffer                cstackCOMRAM  00017
ETH_WriteBlock@length                cstackCOMRAM  00019
ETH_WriteBlock@p                     cstackCOMRAM  0001B
ETH_WriteStart@dest_mac              cstackCOMRAM  00017
ETH_WriteStart@type                  cstackCOMRAM  00019
ICMP_EchoReply@cksm                  cstackBANK0   000AA
ICMP_EchoReply@icmpHdr               cstackBANK0   0009F
ICMP_EchoReply@ipv4Hdr               cstackBANK0   000A0
ICMP_EchoReply@ipv4PayloadLength     cstackBANK0   000AC
ICMP_EchoReply@ret                   cstackBANK0   000AE
ICMP_Receive@icmpHdr                 cstackBANK0   000B6
ICMP_Receive@ipv4Hdr                 cstackBANK0   000AF
IPV4_Packet@cksm                     cstackBANK1   00155
IPV4_Packet@hdrLen                   cstackBANK1   00152
IPV4_Packet@length                   cstackBANK1   00153
IPV4_PseudoHeaderChecksum@cksm       cstackCOMRAM  0001F
IPV4_PseudoHeaderChecksum@len        cstackCOMRAM  0001E
IPV4_PseudoHeaderChecksum@payloadLen cstackCOMRAM  00017
IPV4_PseudoHeaderChecksum@tmp        cstackCOMRAM  00023
IPV4_PseudoHeaderChecksum@v          cstackCOMRAM  0001D
IPV4_Send@cksm                       cstackBANK0   00070
IPV4_Send@payloadLength              cstackCOMRAM  00031
IPV4_Send@ret                        cstackBANK0   0006F
IPV4_Send@totalLength                cstackBANK0   00072
IPv4_Start@destAddress               cstackCOMRAM  00022
IPv4_Start@macAddress                cstackBANK0   0009C
IPv4_Start@protocol                  cstackCOMRAM  00026
IPv4_Start@ret                       cstackBANK0   0009E
IPv4_Start@targetAddress             cstackBANK0   00098
LED_Init@x                           cstackCOMRAM  00017
Network_Manage@now                   cstackBANK1   001B9
Network_Manage@nowPv                 bssBANK2      00218
Network_Read@debug_str               cstackBANK1   0015B
Network_Read@header                  cstackBANK1   001AB
PHY_Read@reg                         cstackCOMRAM  0001D
PHY_Read@ret                         cstackCOMRAM  0001E
PHY_WaitForBusy@ret                  cstackCOMRAM  00017
PHY_WaitForBusy@timeout              cstackCOMRAM  00018
PHY_Write@GIESave                    cstackCOMRAM  0001C
PHY_Write@data                       cstackCOMRAM  00019
PHY_Write@reg                        cstackCOMRAM  0001B
PL387                                text43        022CE
PL389                                text43        022E6
PL391                                text45        02A00
PL393                                text43        022F0
PL395                                text43        022F8
PL397                                text43        02312
PL399                                text46        046EC
PL401                                text43        0231E
PL403                                text43        0233A
PL405                                text43        0234C
PL407                                text43        02366
PL409                                text38        02F64
PL411                                text30        03E0A
PL413                                text44        03FEC
PL415                                text43        0238C
PL417                                text43        02394
PL419                                text43        0239C
PL421                                text62        0329E
PL423                                text43        023A4
PL425                                text43        023AE
PL427                                text43        023CA
PL429                                text43        023D2
PL431                                text43        023DA
PL433                                text33        03568
PL435                                text38        02F7E
PL437                                text45        02A1A
PL439                                text43        023E2
PL441                                text43        023FC
PL443                                text43        02416
PL445                                text45        02A6E
PL447                                text43        02430
PL449                                text43        02438
PL451                                text72        04BE2
PL453                                text43        02440
PL455                                text43        0244E
PL457                                text43        0245C
PL459                                text43        02476
PL461                                text55        038DE
PL463                                text55        038EE
PL465                                text43        02482
PL467                                text43        0248C
PL469                                text71        047CA
PL471                                text43        02496
PL473                                text43        0249E
PL475                                text43        024A6
PL477                                text43        024B8
PL479                                text93        04AD2
PL481                                text34        04EC8
PL483                                text45        02A7C
PL485                                text55        03906
PL487                                text43        024CA
PL489                                text38        02FDC
PL491                                text62        03310
PL493                                text43        024DC
PL495                                text93        04ADE
PL497                                text33        035C8
PL499                                text45        02A96
PL501                                text16        05494
PL503                                text43        024EE
PL505                                text62        03338
PL507                                text78        05918
PL509                                text49        0496E
PL511                                text43        024F8
PL513                                text62        0334C
PL515                                text43        02500
PL517                                text43        02508
PL519                                text55        03912
PL521                                text33        035F0
PL523                                text66        043F0
PL525                                text45        02AA0
PL527                                text62        03368
PL529                                text45        02AAE
PL531                                text77        0562C
PL533                                text38        03004
PL535                                text19        0536A
PL537                                text45        02ACA
PL539                                text33        03602
PL541                                text55        03924
PL543                                text44        04008
PL545                                text43        02510
PL547                                text15        04242
PL549                                text45        02AE6
PL551                                text44        04016
PL553                                text45        02B00
PL555                                text45        02B1A
PL557                                text45        02B34
PL559                                text45        02B4E
PL561                                text45        02B68
PL563                                text45        02B82
PL565                                text71        04800
PL567                                text33        0361C
PL569                                text33        03636
PL571                                text71        0481A
PL573                                text55        03932
PL575                                text49        0498E
PL577                                text45        02B9C
PL579                                text55        0393A
PL581                                text15        0424E
PL583                                text61        05ACE
PL585                                text33        03646
PL587                                text71        04832
PL589                                text62        03382
PL591                                text45        02BB4
PL593                                text55        03942
PL595                                text30        03E24
PL597                                text38        0301E
PL599                                text34        04ED2
PL601                                text24        0589E
PL603                                text22        05826
PL605                                text75        06018
PL607                                text35        03BCA
PL609                                text45        02BC2
PL611                                text45        02BD4
PL613                                text45        02BE6
PL615                                text43        0251E
PL617                                text45        02BF8
PL619                                text49        049A6
PL621                                text80        0522E
PL623                                text45        02C08
PL625                                text45        02C12
PL627                                text66        04402
PL629                                text44        04030
PL631                                text43        02526
PL633                                text29        05514
PL635                                text43        02530
PL637                                text43        02540
PL639                                text51        04F8E
PL641                                text45        02C22
PL643                                text44        0403A
PL645                                text45        02C30
PL647                                text66        0440C
PL649                                text38        03032
PL651                                text55        03950
PL653                                text65        056C6
PL655                                text23        059D8
PL657                                text45        02C3E
PL659                                text21        057B2
PL661                                text30        03E32
PL663                                text41        05EF8
PL665                                text71        04848
PL667                                text45        02C48
PL669                                text2         0635E
PL671                                text72        04BFA
PL673                                text40        061AE
PL675                                text71        04854
PL677                                text22        05830
PL679                                text33        0365C
PL681                                text44        04048
PL683                                text43        0254E
PL685                                text33        03666
PL687                                text33        03670
PL689                                text68        04592
PL691                                text39        04D14
PL693                                text45        02C54
PL695                                text38        03040
PL697                                text38        0304A
PL699                                text45        02C5E
PL701                                text62        0338C
PL703                                text55        0395E
PL705                                text33        0367A
PL707                                text24        058A8
PL709                                text64        05CEC
PL711                                text17        05E70
PL713                                text21        057BC
PL715                                text72        04C06
PL717                                text45        02C68
PL719                                text33        03684
PL721                                text10        052D0
PL723                                text45        02C70
PL725                                text29        05524
PL727                                text49        049B0
PL729                                text71        04860
PL731                                text55        03968
PL733                                text55        03972
PL735                                text64        05CF4
PL737                                text35        03BDC
PL739                                text64        05CFC
PL741                                text10        052D6
PL743                                text98        050EC
PL745                                text64        05D02
PL747                                text48        05BCE
PL749                                text106       05196
PL751                                text45        02C7A
PL753                                text104       06080
SYSLOG_Init@t                        cstackBANK0   0006B
SYSLOG_Write@message                 cstackCOMRAM  00031
SYSLOG_Write@t                       cstackBANK0   0006B
TCB_Check@count                      cstackCOMRAM  0001C
TCB_Check@ptr                        cstackCOMRAM  00017
TCB_Check@ret                        cstackCOMRAM  0001B
TCB_Check@tcbPtr                     cstackCOMRAM  0001D
TCB_Insert@ptr                       cstackCOMRAM  00017
TCB_Reset@tcbPtr                     cstackCOMRAM  00017
TCP_Bind@port                        cstackCOMRAM  00021
TCP_Bind@tcbPtr                      cstackCOMRAM  0001F
TCP_FiniteStateMachine@event         cstackBANK1   0010F
TCP_FiniteStateMachine@nextState     cstackBANK1   00110
TCP_FiniteStateMachine@notAckBytes   cstackBANK1   0010D
TCP_FiniteStateMachine@ret           cstackBANK1   0010C
TCP_GetReceivedData@ret              cstackCOMRAM  00025
TCP_GetReceivedData@tcbPtr           cstackCOMRAM  0001F
TCP_GetRxLength@ret                  cstackCOMRAM  00025
TCP_GetRxLength@tcbPtr               cstackCOMRAM  0001F
TCP_InsertRxBuffer@data              cstackCOMRAM  00021
TCP_InsertRxBuffer@data_len          cstackCOMRAM  00023
TCP_InsertRxBuffer@tcbPtr            cstackCOMRAM  0001F
TCP_Listen@tcbPtr                    cstackBANK1   00111
TCP_ParseTCPOptions@opt              cstackCOMRAM  0001E
TCP_ParseTCPOptions@ret              cstackCOMRAM  0001D
TCP_ParseTCPOptions@tcpOptionsSize   cstackCOMRAM  0001F
TCP_PayloadSave@buffer_size          cstackBANK0   000FD
TCP_PayloadSave@len                  cstackBANK0   000EE
TCP_Recv@count                       cstackBANK1   00133
TCP_Recv@length                      cstackBANK1   00115
TCP_Recv@remoteAddress               cstackBANK1   00111
TCP_Recv@tcbPtr                      cstackBANK1   00134
TCP_Send@data                        cstackBANK0   000F0
TCP_Send@dataLen                     cstackBANK0   000F2
TCP_Send@tcbPtr                      cstackBANK0   000EE
TCP_SendDone@ret                     cstackCOMRAM  00021
TCP_SendDone@tcbPtr                  cstackCOMRAM  0001F
TCP_Server@U1                        bssCOMRAM     00045
TCP_Server@U2                        bssCOMRAM     00046
TCP_Server@i                         cstackBANK1   0011A
TCP_Server@port7TCB                  bssBANK2      0022C
TCP_Server@rxLen                     cstackBANK1   00118
TCP_Server@rxdataPort7               bssBANK2      00263
TCP_Server@socket_state              cstackBANK1   00117
TCP_Server@txLen                     cstackBANK1   00115
TCP_Server@txdataPort7               bssBANK2      00277
TCP_Snd@cksm                         cstackBANK0   000D3
TCP_Snd@data                         cstackBANK0   000D1
TCP_Snd@payloadLength                cstackBANK0   000D5
TCP_Snd@ret                          cstackBANK0   000D7
TCP_Snd@tcbPtr                       cstackBANK0   0009F
TCP_Snd@tcpDataLength                cstackBANK0   000D8
TCP_Snd@txHeader                     cstackBANK0   000DA
TCP_SocketInit@tcbPtr                cstackCOMRAM  0001F
TCP_SocketPoll@socket_ptr            cstackCOMRAM  0001F
TCP_SocketPoll@tmpSocketState        cstackCOMRAM  00021
TCP_Update@count                     cstackBANK1   00119
TCP_Update@tcbPtr                    cstackBANK1   0011B
UDP_Receive@hptr                     cstackBANK0   000DD
UDP_Receive@udpcksm                  cstackBANK0   000D3
UDP_Receive@x                        cstackBANK0   000DB
UDP_Send@cksm                        cstackBANK0   00079
UDP_Send@udpLength                   cstackBANK0   0007B
UDP_Start@destIP                     cstackBANK0   0009F
UDP_Start@dstPort                    cstackBANK0   000A5
UDP_Start@ret                        cstackCOMRAM  0002F
UDP_Start@srcPort                    cstackBANK0   000A3
_ARPV4_Init                          text100       063F2
_ARPV4_Lookup                        text76        05C24
_ARPV4_Packet                        text62        03054
_ARPV4_Request                       text71        04706
_ARPV4_Update                        text88        061E4
_BAUDCON1                            (abs)         00F7E
_BAUDCON1bits                        (abs)         00F7E
_CREN1                               (abs)         07D5C
_DHCP_Handler                        text35        0397C
_DHCP_Manage                         text65        05648
_DHCP_Request                        text66        04266
_DHCP_WriteZeros                     text85        0640C
_ECON1                               (abs)         00FD2
_ECON1bits                           (abs)         00FD2
_ECON2                               (abs)         00EFE
_EDMADST                             (abs)         00EF4
_EDMAND                              (abs)         00EF2
_EDMAST                              (abs)         00EF0
_EIE                                 (abs)         00EFB
_EIEbits                             (abs)         00EFB
_EIRbits                             (abs)         00F60
_EPKTCNT                             (abs)         00ED9
_ERDPT                               (abs)         00F7A
_ERXFCON                             (abs)         00ED8
_ERXND                               (abs)         00EEA
_ERXRDPT                             (abs)         00EEC
_ERXST                               (abs)         00EE8
_ESTATbits                           (abs)         00EFD
_ETH_CheckLinkUp                     text96        060E2
_ETH_ComputeChecksum                 text80        0519E
_ETH_Copy                            text51        04EE6
_ETH_Dump                            text42        060B4
_ETH_EdataRead                       text81        00000
_ETH_EdataWrite                      text87        00000
_ETH_EventHandler                    text64        05CBE
_ETH_Flush                           text61        05A90
_ETH_GetByteCount                    text84        0636A
_ETH_GetMAC                          text75        05FEE
_ETH_Init                            text93        049BA
_ETH_Insert                          text83        05F42
_ETH_NextPacketUpdate                text60        05A3A
_ETH_Read16                          text41        05EC2
_ETH_Read32                          text37        059E2
_ETH_Read8                           text40        06190
_ETH_ReadBlock                       text63        05924
_ETH_ResetByteCount                  text73        064A0
_ETH_RxComputeChecksum               text59        05E7A
_ETH_SaveRDPT                        text50        06496
_ETH_Send                            text82        06110
_ETH_TxComputeChecksum               text79        0552E
_ETH_Write16                         text70        06468
_ETH_Write32                         text69        063BE
_ETH_Write8                          text86        064AA
_ETH_WriteBlock                      text74        05D0A
_ETH_WriteStart                      text72        04AE6
_ETH_readLinkStatus                  text97        00000
_ETXND                               (abs)         00EE6
_ETXST                               (abs)         00EE4
_EWRPT                               (abs)         00EE2
_GIE                                 (abs)         07F97
_GIEH                                (abs)         07F97
_GIEL                                (abs)         07F96
_ICMP_EchoReply                      text49        0486A
_ICMP_Receive                        text48        05B88
_INTCON                              (abs)         00FF2
_IPEN                                (abs)         07E87
_IPR2bits                            (abs)         00FA2
_IPV4_GetMyIP                        text101       0643A
_IPV4_Init                           text92        064B4
_IPV4_Packet                         text33        03396
_IPV4_PseudoHeaderChecksum           text47        05374
_IPV4_Send                           text78        058B2
_IPv4_Start                          text68        0441A
_LATE                                (abs)         00F8D
_LATH                                (abs)         00F90
_LATH0                               (abs)         07C80
_LATH1                               (abs)         07C81
_LATH2                               (abs)         07C82
_LATJ                                (abs)         00F91
_LED_Init                            text14        0632C
_MAADR1                              (abs)         00E84
_MAADR2                              (abs)         00E85
_MAADR3                              (abs)         00E82
_MAADR4                              (abs)         00E83
_MAADR5                              (abs)         00E80
_MAADR6                              (abs)         00E81
_MABBIPG                             (abs)         00EA4
_MACON1                              (abs)         00EA0
_MACON3                              (abs)         00EA2
_MACON4                              (abs)         00EA3
_MAC_getAddress                      text95        064C6
_MAIPG                               (abs)         00EA6
_MAMXFL                              (abs)         00EAA
_MICMD                               (abs)         00EB2
_MICMDbits                           (abs)         00EB2
_MIRD                                (abs)         00EB8
_MIREGADR                            (abs)         00EB4
_MISTATbits                          (abs)         00E8A
_MIWR                                (abs)         00EB6
_Network_Init                        text89        062CA
_Network_Manage                      text29        0549E
_Network_Read                        text31        04F9C
_Network_WaitForLink                 text28        0645A
_OSCCON                              (abs)         00FD3
_OSCTUNE                             (abs)         00F9B
_PHY_Read                            text98        0504A
_PHY_WaitForBusy                     text99        00000
_PHY_Write                           text94        05B38
_PIE2bits                            (abs)         00FA0
_PIR2bits                            (abs)         00FA1
_PORTBbits                           (abs)         00F81
_PORTJ                               (abs)         00F88
_PORTJbits                           (abs)         00F88
_SPBRG1                              (abs)         00FAF
_SPEN1                               (abs)         07D5F
_SSP1CON1                            (abs)         00FC6
_SSP1CON1bits                        (abs)         00FC6
_SSP1STATbits                        (abs)         00FC7
_SYSLOG_Init                         text27        06022
_SYSLOG_Write                        text53        061BA
_T1CKPS0                             (abs)         07E6C
_T1CKPS1                             (abs)         07E6D
_T1OSCEN                             (abs)         07E6B
_T1SYNC                              (abs)         07E6A
_TCB_Check                           text26        056D0
_TCB_Insert                          text17        05E32
_TCB_Reset                           text46        0459C
_TCP_Bind                            text25        06282
_TCP_FiniteStateMachine              text43        010C4
_TCP_GetReceivedData                 text24        0583C
_TCP_GetRxLength                     text23        05988
_TCP_Init                            text91        063D8
_TCP_InsertRxBuffer                  text22        057C6
_TCP_Listen                          text21        0574E
_TCP_ParseTCPOptions                 text39        04C10
_TCP_PayloadSave                     text44        03E3C
_TCP_Recv                            text38        02C82
_TCP_Send                            text19        052DC
_TCP_SendDone                        text18        06166
_TCP_Server                          text15        04052
_TCP_Snd                             text45        02558
_TCP_SocketInit                      text16        0540C
_TCP_SocketPoll                      text20        06236
_TCP_Update                          text30        03BE4
_TMR1                                (abs)         00FCE
_TMR1CS                              (abs)         07E69
_TMR1IE                              (abs)         07CE8
_TMR1IF                              (abs)         07CF0
_TMR1IP                              (abs)         07CF8
_TMR1ON                              (abs)         07E68
_TRISA                               (abs)         00F92
_TRISB                               (abs)         00F93
_TRISBbits                           (abs)         00F93
_TRISCbits                           (abs)         00F94
_TRISD                               (abs)         00F95
_TRISE                               (abs)         00F96
_TRISH                               (abs)         00F99
_TRISJ                               (abs)         00F9A
_TX1IF                               (abs)         07CF4
_TXREG1                              (abs)         00FAD
_TXSTA1                              (abs)         00FAC
_UDP_CallBackTable                   smallconst    01034
_UDP_Receive                         text34        04E08
_UDP_Send                            text77        055BC
_UDP_Start                           text67        05BD6
__CFG_BW$16                          (abs)         00000
__CFG_CCP2MX$ON                      (abs)         00000
__CFG_CP0$OFF                        (abs)         00000
__CFG_EASHFT$OFF                     (abs)         00000
__CFG_ECCPMX$ON                      (abs)         00000
__CFG_ETHLED$OFF                     (abs)         00000
__CFG_FCMEN$ON                       (abs)         00000
__CFG_FOSC$HSPLL                     (abs)         00000
__CFG_FOSC2$ON                       (abs)         00000
__CFG_IESO$ON                        (abs)         00000
__CFG_MODE$MM                        (abs)         00000
__CFG_STVR$ON                        (abs)         00000
__CFG_WAIT$OFF                       (abs)         00000
__CFG_WDT$OFF                        (abs)         00000
__CFG_WDTPS$32768                    (abs)         00000
__CFG_XINST$OFF                      (abs)         00000
__HRAM                               (abs)         00000
__Habs1                              abs1          00000
__Hbank0                             bank0         00000
__Hbank1                             bank1         00000
__Hbank10                            bank10        00000
__Hbank11                            bank11        00000
__Hbank12                            bank12        00000
__Hbank13                            bank13        00000
__Hbank14                            bank14        00000
__Hbank15                            bank15        00000
__Hbank2                             bank2         00000
__Hbank3                             bank3         00000
__Hbank4                             bank4         00000
__Hbank5                             bank5         00000
__Hbank6                             bank6         00000
__Hbank7                             bank7         00000
__Hbank8                             bank8         00000
__Hbank9                             bank9         00000
__Hbigbss                            bigbss        00000
__Hbigdata                           bigdata       00000
__Hbigram                            bigram        00000
__Hbss                               bss           00000
__HbssBANK1                          bssBANK1      00000
__HbssBANK2                          bssBANK2      00000
__HbssBANK3                          bssBANK3      00000
__HbssCOMRAM                         bssCOMRAM     00000
__Hcinit                             cinit         00000
__Hclrtext                           clrtext       00000
__Hcomram                            comram        00000
__Hconfig                            config        1FFFE
__Hconst                             const         00000
__HcstackBANK0                       cstackBANK0   00000
__HcstackBANK1                       cstackBANK1   00000
__HcstackBANK2                       cstackBANK2   00000
__HcstackCOMRAM                      cstackCOMRAM  00000
__Hdata                              data          00000
__HdataCOMRAM                        dataCOMRAM    00000
__Hend_init                          end_init      0003E
__Hfarbss                            farbss        00000
__Hfardata                           fardata       00000
__Hibigdata                          ibigdata      00000
__Hidata                             idata         00000
__HidataCOMRAM                       idataCOMRAM   00000
__Hidloc                             idloc         00000
__Hifardata                          ifardata      00000
__Hinit                              init          0003A
__Hintcode                           intcode       0000E
__Hintcode_body                      intcode_body  00000
__Hintcodelo                         intcodelo     0003A
__Hintentry                          intentry      00000
__Hintret                            intret        00000
__Hintsave_regs                      intsave_regs  00000
__Hirdata                            irdata        00000
__Hjflash_buffer                     jflash_buffer 1F800
__Hmediumconst                       mediumconst   00000
__HnvBANK2                           nvBANK2       00000
__HnvFARRAM                          nvFARRAM      00000
__Hnvbit                             nvbit         00000
__Hnvrram                            nvrram        00000
__Hpa_nodes                          pa_nodes      00000
__Hparam                             rparam        00000
__Hpowerup                           powerup       0003A
__Hram                               ram           00000
__Hramtop                            ramtop        01000
__Hrbit                              rbit          00000
__Hrbss                              rbss          00000
__Hrdata                             rdata         00000
__Hreset_vec                         reset_vec     00004
__Hrparam                            rparam        00000
__Hsfr                               sfr           00000
__Hsmallconst                        smallconst    010C4
__Hspace_0                           (abs)         1FFFE
__Hspace_1                           (abs)         00368
__Hspace_2                           (abs)         00000
__Hstack                             stack         00000
__Hstruct                            struct        00000
__Htemp                              temp          0004A
__Htext                              text          00000
__Htext0                             text0         00000
__Htext1                             text1         00000
__Htext10                            text10        00000
__Htext100                           text100       00000
__Htext101                           text101       00000
__Htext103                           text103       00000
__Htext104                           text104       00000
__Htext105                           text105       00000
__Htext106                           text106       00000
__Htext107                           text107       00000
__Htext109                           text109       00000
__Htext11                            text11        00000
__Htext110                           text110       00000
__Htext12                            text12        00000
__Htext13                            text13        00000
__Htext14                            text14        00000
__Htext15                            text15        00000
__Htext16                            text16        00000
__Htext17                            text17        00000
__Htext18                            text18        00000
__Htext19                            text19        00000
__Htext2                             text2         00000
__Htext20                            text20        00000
__Htext21                            text21        00000
__Htext22                            text22        00000
__Htext23                            text23        00000
__Htext24                            text24        00000
__Htext25                            text25        00000
__Htext26                            text26        00000
__Htext27                            text27        00000
__Htext28                            text28        00000
__Htext29                            text29        00000
__Htext3                             text3         00000
__Htext30                            text30        00000
__Htext31                            text31        00000
__Htext32                            text32        00000
__Htext33                            text33        00000
__Htext34                            text34        00000
__Htext35                            text35        00000
__Htext36                            text36        00000
__Htext37                            text37        00000
__Htext38                            text38        00000
__Htext39                            text39        00000
__Htext4                             text4         00000
__Htext40                            text40        00000
__Htext41                            text41        00000
__Htext42                            text42        00000
__Htext43                            text43        00000
__Htext44                            text44        00000
__Htext45                            text45        00000
__Htext46                            text46        00000
__Htext47                            text47        00000
__Htext48                            text48        00000
__Htext49                            text49        00000
__Htext5                             text5         00000
__Htext50                            text50        00000
__Htext51                            text51        00000
__Htext52                            text52        00000
__Htext53                            text53        00000
__Htext54                            text54        00000
__Htext55                            text55        00000
__Htext56                            text56        00000
__Htext57                            text57        00000
__Htext58                            text58        00000
__Htext59                            text59        00000
__Htext6                             text6         00000
__Htext60                            text60        00000
__Htext61                            text61        00000
__Htext62                            text62        00000
__Htext63                            text63        00000
__Htext64                            text64        00000
__Htext65                            text65        00000
__Htext66                            text66        00000
__Htext67                            text67        00000
__Htext68                            text68        00000
__Htext69                            text69        00000
__Htext7                             text7         00000
__Htext70                            text70        00000
__Htext71                            text71        00000
__Htext72                            text72        00000
__Htext73                            text73        00000
__Htext74                            text74        00000
__Htext75                            text75        00000
__Htext76                            text76        00000
__Htext77                            text77        00000
__Htext78                            text78        00000
__Htext79                            text79        00000
__Htext8                             text8         00000
__Htext80                            text80        00000
__Htext81                            text81        00000
__Htext82                            text82        00000
__Htext83                            text83        00000
__Htext84                            text84        00000
__Htext85                            text85        00000
__Htext86                            text86        00000
__Htext87                            text87        00000
__Htext88                            text88        00000
__Htext89                            text89        00000
__Htext9                             text9         00000
__Htext90                            text90        00000
__Htext91                            text91        00000
__Htext92                            text92        00000
__Htext93                            text93        00000
__Htext94                            text94        00000
__Htext95                            text95        00000
__Htext96                            text96        00000
__Htext97                            text97        00000
__Htext98                            text98        00000
__Htext99                            text99        00000
__LRAM                               (abs)         00001
__Labs1                              abs1          00000
__Lbank0                             bank0         00000
__Lbank1                             bank1         00000
__Lbank10                            bank10        00000
__Lbank11                            bank11        00000
__Lbank12                            bank12        00000
__Lbank13                            bank13        00000
__Lbank14                            bank14        00000
__Lbank15                            bank15        00000
__Lbank2                             bank2         00000
__Lbank3                             bank3         00000
__Lbank4                             bank4         00000
__Lbank5                             bank5         00000
__Lbank6                             bank6         00000
__Lbank7                             bank7         00000
__Lbank8                             bank8         00000
__Lbank9                             bank9         00000
__Lbigbss                            bigbss        00000
__Lbigdata                           bigdata       00000
__Lbigram                            bigram        00000
__Lbss                               bss           00000
__LbssBANK1                          bssBANK1      00000
__LbssBANK2                          bssBANK2      00000
__LbssBANK3                          bssBANK3      00000
__LbssCOMRAM                         bssCOMRAM     00000
__Lcinit                             cinit         00000
__Lclrtext                           clrtext       00000
__Lcomram                            comram        00000
__Lconfig                            config        1FFF8
__Lconst                             const         00000
__LcstackBANK0                       cstackBANK0   00000
__LcstackBANK1                       cstackBANK1   00000
__LcstackBANK2                       cstackBANK2   00000
__LcstackCOMRAM                      cstackCOMRAM  00000
__Ldata                              data          00000
__LdataCOMRAM                        dataCOMRAM    00000
__Lend_init                          end_init      0003A
__Lfarbss                            farbss        00000
__Lfardata                           fardata       00000
__Libigdata                          ibigdata      00000
__Lidata                             idata         00000
__LidataCOMRAM                       idataCOMRAM   00000
__Lidloc                             idloc         00000
__Lifardata                          ifardata      00000
__Linit                              init          0003A
__Lintcode                           intcode       00008
__Lintcode_body                      intcode_body  00000
__Lintcodelo                         intcodelo     00018
__Lintentry                          intentry      00000
__Lintret                            intret        00000
__Lintsave_regs                      intsave_regs  00000
__Lirdata                            irdata        00000
__Ljflash_buffer                     jflash_buffer 1F800
__Lmediumconst                       mediumconst   00000
__LnvBANK2                           nvBANK2       00000
__LnvFARRAM                          nvFARRAM      00000
__Lnvbit                             nvbit         00000
__Lnvrram                            nvrram        00000
__Lpa_nodes                          pa_nodes      00000
__Lparam                             rparam        00000
__Lpowerup                           powerup       0003A
__Lram                               ram           00000
__Lramtop                            ramtop        01000
__Lrbit                              rbit          00000
__Lrbss                              rbss          00000
__Lrdata                             rdata         00000
__Lreset_vec                         reset_vec     00000
__Lrparam                            rparam        00000
__Lsfr                               sfr           00000
__Lsmallconst                        smallconst    01000
__Lspace_0                           (abs)         00000
__Lspace_1                           (abs)         00000
__Lspace_2                           (abs)         00000
__Lstack                             stack         00000
__Lstruct                            struct        00000
__Ltemp                              temp          00049
__Ltext                              text          00000
__Ltext0                             text0         00000
__Ltext1                             text1         00000
__Ltext10                            text10        00000
__Ltext100                           text100       00000
__Ltext101                           text101       00000
__Ltext103                           text103       00000
__Ltext104                           text104       00000
__Ltext105                           text105       00000
__Ltext106                           text106       00000
__Ltext107                           text107       00000
__Ltext109                           text109       00000
__Ltext11                            text11        00000
__Ltext110                           text110       00000
__Ltext12                            text12        00000
__Ltext13                            text13        00000
__Ltext14                            text14        00000
__Ltext15                            text15        00000
__Ltext16                            text16        00000
__Ltext17                            text17        00000
__Ltext18                            text18        00000
__Ltext19                            text19        00000
__Ltext2                             text2         00000
__Ltext20                            text20        00000
__Ltext21                            text21        00000
__Ltext22                            text22        00000
__Ltext23                            text23        00000
__Ltext24                            text24        00000
__Ltext25                            text25        00000
__Ltext26                            text26        00000
__Ltext27                            text27        00000
__Ltext28                            text28        00000
__Ltext29                            text29        00000
__Ltext3                             text3         00000
__Ltext30                            text30        00000
__Ltext31                            text31        00000
__Ltext32                            text32        00000
__Ltext33                            text33        00000
__Ltext34                            text34        00000
__Ltext35                            text35        00000
__Ltext36                            text36        00000
__Ltext37                            text37        00000
__Ltext38                            text38        00000
__Ltext39                            text39        00000
__Ltext4                             text4         00000
__Ltext40                            text40        00000
__Ltext41                            text41        00000
__Ltext42                            text42        00000
__Ltext43                            text43        00000
__Ltext44                            text44        00000
__Ltext45                            text45        00000
__Ltext46                            text46        00000
__Ltext47                            text47        00000
__Ltext48                            text48        00000
__Ltext49                            text49        00000
__Ltext5                             text5         00000
__Ltext50                            text50        00000
__Ltext51                            text51        00000
__Ltext52                            text52        00000
__Ltext53                            text53        00000
__Ltext54                            text54        00000
__Ltext55                            text55        00000
__Ltext56                            text56        00000
[...]
      Totals:         0       0       0       0       0       0       0       0       0       0       0       0       0       0       0       0       0
Total ram usage:        0 bytes
 Hardware stack levels used:    1
 Hardware stack levels required when called:    1
 This function calls:
		_rtcc_handler
 This function is called by:
		Interrupt level 2
 This function uses a non-reentrant model


 *************** function _rtcc_handler *****************
 Defined at:
		line 122 in file "../board_support_package/picdem2_net/rtcc.c"
 Parameters:    Size  Location     Type
		None
 Auto vars:     Size  Location     Type
		None
 Return value:  Size  Location     Type
                  1    wreg      void 
 Registers used:
		wreg, status,2, status,0
 Tracked objects:
		On entry : 
		On exit  : 
		Unchanged: 
 Data sizes:     COMRAM   BANK0   BANK1   BANK2   BANK3   BANK4   BANK5   BANK6   BANK7   BANK8   BANK9  BANK10  BANK11  BANK12  BANK13  BANK14  BANK15
      Params:         0       0       0       0       0       0       0       0       0       0       0       0       0       0       0       0       0
      Locals:         0       0       0       0       0       0       0       0       0       0       0       0       0       0       0       0       0
      Temps:          0       0       0       0       0       0       0       0       0       0       0       0       0       0       0       0       0
      Totals:         0       0       0       0       0       0       0       0       0       0       0       0       0       0       0       0       0
Total ram usage:        0 bytes
 Hardware stack levels used:    1
 This function calls:
		Nothing
 This function is called by:
		_high_isr
 This function uses a non-reentrant model



MODULE INFORMATION

Module		Function		Class		Link	Load	Size
C:\Program Files (x86)\Microchip\xc8\v1.38\sources\common\memcmp.c
		_memcmp        		CODE           	5D56	0000	75

C:\Program Files (x86)\Microchip\xc8\v1.38\sources\common\memcmp.c estimated size: 75

C:\Program Files (x86)\Microchip\xc8\v1.38\sources\common\lwmod.c
		___lwmod       		CODE           	5F04	0000	63

C:\Program Files (x86)\Microchip\xc8\v1.38\sources\common\lwmod.c estimated size: 63

../board_support_package/picdem2_net/rtcc.c
		_rtcc_handler  		CODE           	620E	0000	41
		_rtcc_init     		CODE           	5F80	0000	57
		_time          		CODE           	5AE4	0000	85

../board_support_package/picdem2_net/rtcc.c estimated size: 183

../board_support_package/picdem2_net/uart.c
		_putch         		CODE           	63A4	0000	27
		_uart_init     		CODE           	6424	0000	23

../board_support_package/picdem2_net/uart.c estimated size: 50

C:\Program Files (x86)\Microchip\xc8\v1.38\sources\common\Umul16.c
		___wmul        		CODE           	625C	0000	39

C:\Program Files (x86)\Microchip\xc8\v1.38\sources\common\Umul16.c estimated size: 39

../board_support_package/picdem2_net/hardware.c
		_initHW        		CODE           	5DEA	0000	73

../board_support_package/picdem2_net/hardware.c estimated size: 73

../../TCPIP Library/source/icmp.c
		_ICMP_Receive  		CODE           	5B88	0000	71
		_ICMP_EchoReply		CODE           	486A	0000	261

../../TCPIP Library/source/icmp.c estimated size: 332

../board_support_package/picdem2_net/led_driver.c
		_LED_Init      		CODE           	632C	0000	33

../board_support_package/picdem2_net/led_driver.c estimated size: 33

C:\Program Files (x86)\Microchip\xc8\v1.38\sources\common\printf.c
		_printf        		CODE           	62A6	0000	37

C:\Program Files (x86)\Microchip\xc8\v1.38\sources\common\printf.c estimated size: 37

../../TCPIP Library/source/syslog.c
		_SYSLOG_Init   		CODE           	6022	0000	51
		_SYSLOG_Write  		CODE           	61BA	0000	43

../../TCPIP Library/source/syslog.c estimated size: 94

../../TCPIP Library/source/mac_address.c
		_MAC_getAddress		CODE           	64C6	0000	5

../../TCPIP Library/source/mac_address.c estimated size: 5

C:\Program Files (x86)\Microchip\xc8\v1.38\sources\common\lwdiv.c
		___lwdiv       		CODE           	5DA0	0000	75

C:\Program Files (x86)\Microchip\xc8\v1.38\sources\common\lwdiv.c estimated size: 75

../../TCPIP Library/source/ipv4.c
		_IPV4_GetMyIP  		CODE           	643A	0000	19
		_IPV4_Send     		CODE           	58B2	0000	103
		_IPV4_Packet   		CODE           	3396	0000	467
		_IPV4_PseudoHeaderChecksum		CODE           	5374	0000	153
		_IPv4_Start    		CODE           	441A	0000	377
		_IPV4_Init     		CODE           	64B4	0000	11

../../TCPIP Library/source/ipv4.c estimated size: 1130

../../TCPIP Library/source/udpv4.c
		_UDP_Receive   		CODE           	4E08	0000	193
		_UDP_Send      		CODE           	55BC	0000	113
		_UDP_Start     		CODE           	5BD6	0000	79

../../TCPIP Library/source/udpv4.c estimated size: 385

../../TCPIP Library/source/dhcp_client.c
		_DHCP_Handler  		CODE           	397C	0000	591
		_DHCP_Request  		CODE           	4266	0000	395
		_DHCP_WriteZeros		CODE           	640C	0000	25
		_DHCP_Manage   		CODE           	5648	0000	127

../../TCPIP Library/source/dhcp_client.c estimated size: 1138

shared
		PL439          		CODE           	23E2	0000	27
		PL629          		CODE           	4030	0000	11
		PL477          		CODE           	24B8	0000	19
		PL667          		CODE           	2C48	0000	13
		PL539          		CODE           	3602	0000	27
		PL387          		CODE           	22CE	0000	25
		PL729          		CODE           	4860	0000	11
		PL577          		CODE           	2B9C	0000	25
		_dhcpName      		SMALLCONST     	1013	0000	22
		PL449          		CODE           	2438	0000	9
		PL639          		CODE           	4F8E	0000	15
		PL487          		CODE           	24CA	0000	19
		PL677          		CODE           	5830	0000	13
		i1_ETH_EventHandler		CODE           	5FB8	0000	55
		PL549          		CODE           	2AE6	0000	27
		PL397          		CODE           	2312	0000	13
		PL739          		CODE           	5CFC	0000	7
		PL587          		CODE           	4832	0000	23
		PL459          		CODE           	2476	0000	13
		PL649          		CODE           	3032	0000	15
		PL497          		CODE           	35C8	0000	41
		PL687          		CODE           	3670	0000	11
		PL559          		CODE           	2B4E	0000	27
		PL749          		CODE           	5196	0000	9
		PL597          		CODE           	301E	0000	21
		PL469          		CODE           	47CA	0000	55
		PL659          		CODE           	57B2	0000	11
		PL697          		CODE           	304A	0000	11
		PL569          		CODE           	3636	0000	17
		PL479          		CODE           	4AD2	0000	13
		PL669          		CODE           	635E	0000	13
		PL401          		CODE           	231E	0000	29
		PL389          		CODE           	22E6	0000	11
		PL579          		CODE           	393A	0000	9
		_macAddress    		SMALLCONST     	102E	0000	7
		PL501          		CODE           	5494	0000	11
		PL489          		CODE           	2FDC	0000	41
		PL679          		CODE           	365C	0000	11
		PL411          		CODE           	3E0A	0000	27
		PL601          		CODE           	589E	0000	11
		PL399          		CODE           	46EC	0000	27
		PL589          		CODE           	3382	0000	11
		_dpowers       		SMALLCONST     	1001	0000	11
		i1_ETH_CheckLinkUp		CODE           	6054	0000	45
		PL511          		CODE           	24F8	0000	9
		PL701          		CODE           	338C	0000	11
		PL499          		CODE           	2A96	0000	11
		PL689          		CODE           	4592	0000	11
		PL421          		CODE           	329E	0000	115
		PL611          		CODE           	2BD4	0000	19
		PL599          		CODE           	4ED2	0000	21
		PL521          		CODE           	35F0	0000	19
		PL711          		CODE           	5E70	0000	11
		PL699          		CODE           	2C5E	0000	11
		PL431          		CODE           	23DA	0000	9
		PL621          		CODE           	522E	0000	17
		PL531          		CODE           	562C	0000	29
		PL721          		CODE           	52D0	0000	7
		PL403          		CODE           	233A	0000	19
		PL441          		CODE           	23FC	0000	27
		PL631          		CODE           	2526	0000	11
		PL503          		CODE           	24EE	0000	11
		PL541          		CODE           	3924	0000	15
		PL731          		CODE           	3968	0000	11
		PL413          		CODE           	3FEC	0000	29
		PL603          		CODE           	5826	0000	11
		PL451          		CODE           	4BE2	0000	25
		PL641          		CODE           	2C22	0000	15
		_UDP_CallBackTable		SMALLCONST     	1034	0000	6
		PL513          		CODE           	334C	0000	29
		PL703          		CODE           	395E	0000	11
		PL551          		CODE           	4016	0000	27
		PL741          		CODE           	52D6	0000	7
		PL423          		CODE           	23A4	0000	11
		PL613          		CODE           	2BE6	0000	19
		PL461          		CODE           	38DE	0000	17
		PL651          		CODE           	3950	0000	15
		PL523          		CODE           	43F0	0000	19
		PL713          		CODE           	57BC	0000	11
		PL561          		CODE           	2B68	0000	27
		PL751          		CODE           	2C7A	0000	9
		__initialization		CODE           	5C72	0000	67
		PL433          		CODE           	3568	0000	97
		PL623          		CODE           	2C08	0000	11
		PL471          		CODE           	2496	0000	9
		PL661          		CODE           	3E32	0000	11
		PL533          		CODE           	3004	0000	27
		PL723          		CODE           	2C70	0000	11
		PL571          		CODE           	481A	0000	25
		PL405          		CODE           	234C	0000	27
		PL443          		CODE           	2416	0000	27
		PL633          		CODE           	5514	0000	17
		PL481          		CODE           	4EC8	0000	11
		PL671          		CODE           	4BFA	0000	13
		PL505          		CODE           	3338	0000	21
		PL543          		CODE           	4008	0000	15
		PL391          		CODE           	2A00	0000	27
		PL733          		CODE           	3972	0000	11
		PL581          		CODE           	424E	0000	25
		PL415          		CODE           	238C	0000	9
		PL605          		CODE           	6018	0000	11
		PL453          		CODE           	2440	0000	15
		PL643          		CODE           	403A	0000	15
		PL491          		CODE           	3310	0000	41
		PL681          		CODE           	4048	0000	11
		PL515          		CODE           	2500	0000	9
		PL705          		CODE           	367A	0000	11
		PL553          		CODE           	2B00	0000	27
		PL743          		CODE           	50EC	0000	9
		PL591          		CODE           	2BB4	0000	15
		i1_PHY_WaitForBusy		CODE           	0000	0000	1
		PL425          		CODE           	23AE	0000	29
		PL615          		CODE           	251E	0000	9
		PL463          		CODE           	38EE	0000	25
		PL653          		CODE           	56C6	0000	11
		PL691          		CODE           	4D14	0000	11
		PL525          		CODE           	2AA0	0000	15
		PL715          		CODE           	4C06	0000	11
		PL563          		CODE           	2B82	0000	27
		PL753          		CODE           	6080	0000	7
		_hexpowers     		SMALLCONST     	100B	0000	9
		PL435          		CODE           	2F7E	0000	95
		PL625          		CODE           	2C12	0000	17
		PL473          		CODE           	249E	0000	9
		PL663          		CODE           	5EF8	0000	13
		PL535          		CODE           	536A	0000	11
		PL725          		CODE           	5524	0000	11
		PL573          		CODE           	3932	0000	9
		PL407          		CODE           	2366	0000	39
		PL445          		CODE           	2A6E	0000	15
		PL635          		CODE           	2530	0000	17
		PL483          		CODE           	2A7C	0000	27
		PL673          		CODE           	61AE	0000	13
		_broadcastMAC  		SMALLCONST     	1028	0000	7
		PL507          		CODE           	5918	0000	13
		PL545          		CODE           	2510	0000	15
		PL393          		CODE           	22F0	0000	9
		PL735          		CODE           	5CF4	0000	9
		PL583          		CODE           	5ACE	0000	23
		i1_PHY_Read    		CODE           	50F4	0000	163
		PL417          		CODE           	2394	0000	9
		PL607          		CODE           	3BCA	0000	19
		PL455          		CODE           	244E	0000	15
		PL645          		CODE           	2C30	0000	15
		PL493          		CODE           	24DC	0000	19
		PL683          		CODE           	254E	0000	11
		PL517          		CODE           	2508	0000	9
		PL707          		CODE           	58A8	0000	11
		PL555          		CODE           	2B1A	0000	27
		PL745          		CODE           	5D02	0000	9
		PL593          		CODE           	3942	0000	15
		PL427          		CODE           	23CA	0000	9
		PL617          		CODE           	2BF8	0000	17
		PL465          		CODE           	2482	0000	11
		PL655          		CODE           	59D8	0000	11
		PL693          		CODE           	2C54	0000	11
		PL527          		CODE           	3368	0000	27
		PL717          		CODE           	2C68	0000	9
		PL565          		CODE           	4800	0000	27
		PL437          		CODE           	2A1A	0000	85
		PL627          		CODE           	4402	0000	11
		PL475          		CODE           	24A6	0000	19
		PL665          		CODE           	4848	0000	13
		PL537          		CODE           	2ACA	0000	29
		PL727          		CODE           	49B0	0000	11
		PL575          		CODE           	498E	0000	25
		PL409          		CODE           	2F64	0000	27
		PL447          		CODE           	2430	0000	9
		PL637          		CODE           	2540	0000	15
		PL485          		CODE           	3906	0000	13
		PL675          		CODE           	4854	0000	13
		PL509          		CODE           	496E	0000	33
		PL547          		CODE           	4242	0000	13
		PL395          		CODE           	22F8	0000	27
		PL737          		CODE           	3BDC	0000	9
		PL585          		CODE           	3646	0000	23
		PL419          		CODE           	239C	0000	9
		PL609          		CODE           	2BC2	0000	19
		PL457          		CODE           	245C	0000	27
		PL647          		CODE           	440C	0000	15
		PL495          		CODE           	4ADE	0000	9
		PL685          		CODE           	3666	0000	11
		PL519          		CODE           	3912	0000	19
		PL709          		CODE           	5CEC	0000	9
		PL557          		CODE           	2B34	0000	27
		PL747          		CODE           	5BCE	0000	9
		PL595          		CODE           	3E24	0000	15
		i1_ETH_readLinkStatus		CODE           	0000	0000	1
		PL429          		CODE           	23D2	0000	9
		PL619          		CODE           	49A6	0000	11
		PL467          		CODE           	248C	0000	11
		PL657          		CODE           	2C3E	0000	11
		PL695          		CODE           	3040	0000	11
		PL529          		CODE           	2AAE	0000	29
		PL719          		CODE           	3684	0000	11
		PL567          		CODE           	361C	0000	27

shared estimated size: 3792

C:\Program Files (x86)\Microchip\xc8\v1.38\sources\common\memset.c
		_memset        		CODE           	613C	0000	43

C:\Program Files (x86)\Microchip\xc8\v1.38\sources\common\memset.c estimated size: 43

../../TCPIP Library/source/tcpv4.c
		_TCP_InsertRxBuffer		CODE           	57C6	0000	97
		_TCP_FiniteStateMachine		CODE           	10C4	0000	4619
		_TCP_Bind      		CODE           	6282	0000	37
		_TCB_Check     		CODE           	56D0	0000	127
		_TCP_ParseTCPOptions		CODE           	4C10	0000	261
		_TCP_Listen    		CODE           	574E	0000	101
		_TCP_GetRxLength		CODE           	5988	0000	81
		_TCB_Reset     		CODE           	459C	0000	337
		_TCP_GetReceivedData		CODE           	583C	0000	99
		_TCP_Init      		CODE           	63D8	0000	27
		_TCP_Send      		CODE           	52DC	0000	143
		_TCP_SendDone  		CODE           	6166	0000	43
		_TCP_SocketPoll		CODE           	6236	0000	39
		_TCP_SocketInit		CODE           	540C	0000	137
		_TCP_Snd       		CODE           	2558	0000	1193
		_TCB_Insert    		CODE           	5E32	0000	63
		_TCP_PayloadSave		CODE           	3E3C	0000	433
		_TCP_Recv      		CODE           	2C82	0000	739
		_TCP_Update    		CODE           	3BE4	0000	551

../../TCPIP Library/source/tcpv4.c estimated size: 9127

../board_support_package/picdem2_net/lcd_hw.c
		_lcd_write_data		CODE           	62EC	0000	33
		_lcd_write_ctrl		CODE           	630C	0000	33
		_lcd_busy      		CODE           	648C	0000	11
		_lcd_init_pins 		CODE           	6482	0000	11

../board_support_package/picdem2_net/lcd_hw.c estimated size: 88

C:\Program Files (x86)\Microchip\xc8\v1.38\sources\common\doprnt.c
		__doprnt       		CODE           	368E	0000	593

C:\Program Files (x86)\Microchip\xc8\v1.38\sources\common\doprnt.c estimated size: 593

../../TCPIP Library/source/arpv4.c
		_ARPV4_Packet  		CODE           	3054	0000	587
		_ARPV4_Init    		CODE           	63F2	0000	27
		_ARPV4_Lookup  		CODE           	5C24	0000	79
		_ARPV4_Update  		CODE           	61E4	0000	43
		_ARPV4_Request 		CODE           	4706	0000	197

../../TCPIP Library/source/arpv4.c estimated size: 933

main.c
		_main          		CODE           	4D1E	0000	235
		_high_isr      		CODE           	0008	0000	15
		_TCP_Server    		CODE           	4052	0000	497
		_low_isr       		CODE           	0018	0000	35

main.c estimated size: 782

C:\Program Files (x86)\Microchip\xc8\v1.38\sources\common\sprintf.c
		_sprintf       		CODE           	6086	0000	47

C:\Program Files (x86)\Microchip\xc8\v1.38\sources\common\sprintf.c estimated size: 47

../../TCPIP Library/ethernet_drivers/j60_driver.c
		_ETH_EdataRead 		CODE           	0000	0000	1
		_PHY_Read      		CODE           	504A	0000	163
		_ETH_ComputeChecksum		CODE           	519E	0000	145
		_ETH_EdataWrite		CODE           	0000	0000	1
		_ETH_CheckLinkUp		CODE           	60E2	0000	47
		_ETH_Write8    		CODE           	64AA	0000	11
		_ETH_Write32   		CODE           	63BE	0000	27
		_ETH_Write16   		CODE           	6468	0000	15
		_ETH_Insert    		CODE           	5F42	0000	63
		_ETH_Read8     		CODE           	6190	0000	31
		_ETH_Read32    		CODE           	59E2	0000	89
		_ETH_Read16    		CODE           	5EC2	0000	55
		_ETH_Init      		CODE           	49BA	0000	281
		_ETH_RxComputeChecksum		CODE           	5E7A	0000	73
		_ETH_NextPacketUpdate		CODE           	5A3A	0000	87
		_ETH_Flush     		CODE           	5A90	0000	63
		_ETH_WriteBlock		CODE           	5D0A	0000	77
		_ETH_Send      		CODE           	6110	0000	45
		_ETH_WriteStart		CODE           	4AE6	0000	253
		_ETH_ReadBlock 		CODE           	5924	0000	101
		_ETH_Copy      		CODE           	4EE6	0000	169
		_ETH_GetMAC    		CODE           	5FEE	0000	43
		_PHY_WaitForBusy		CODE           	0000	0000	1
		_ETH_ResetByteCount		CODE           	64A0	0000	11
		_ETH_SaveRDPT  		CODE           	6496	0000	11
		_ETH_Dump      		CODE           	60B4	0000	47
		_ETH_GetByteCount		CODE           	636A	0000	31
		_ETH_readLinkStatus		CODE           	0000	0000	1
		_ETH_TxComputeChecksum		CODE           	552E	0000	143
		_PHY_Write     		CODE           	5B38	0000	81
		_ETH_EventHandler		CODE           	5CBE	0000	47

../../TCPIP Library/ethernet_drivers/j60_driver.c estimated size: 2213

../board_support_package/picdem2_net/lcd.c
		_lcd_puts      		CODE           	634C	0000	19
		_lcd_putch     		CODE           	6388	0000	29
		_lcd_goto1     		CODE           	644C	0000	15
		_lcd_init      		CODE           	523E	0000	147

../board_support_package/picdem2_net/lcd.c estimated size: 210

../board_support_package/picdem2_net/mssp_spi_master.c
		_spi_init      		CODE           	6476	0000	13

../board_support_package/picdem2_net/mssp_spi_master.c estimated size: 13

../../TCPIP Library/source/network.c
		_Network_Read  		CODE           	4F9C	0000	175
		_Network_Init  		CODE           	62CA	0000	35
		_Network_WaitForLink		CODE           	645A	0000	15
		_Network_Manage		CODE           	549E	0000	119

../../TCPIP Library/source/network.c estimated size: 344

